esp8266_socket.c:92:13:port2str	24	static
esp8266_socket.c:105:6:smi_init	16	static
esp8266_socket.c:117:5:esp_socket	16	static
esp8266_socket.c:136:5:esp_connect	32	static
esp8266_socket.c:158:5:esp_read	32	static
esp8266_socket.c:174:5:esp_write	24	static
esp8266_socket.c:186:5:esp_close	16	static
esp8266_socket.c:191:5:esp_shutdown	24	static
esp8266_socket.c:227:6:init_counters	16	static
esp8266_socket.c:235:6:sm_flush	16	static
esp8266_socket.c:244:6:sm_read_buffer	16	static
esp8266_socket.c:256:6:sm_read_int	24	static
esp8266_socket.c:277:5:sm_read_until	24	static
esp8266_socket.c:294:5:sm_read_result	16	static
esp8266_socket.c:301:6:sm_wait_for	24	static
esp8266_socket.c:320:13:stInit	16	static
esp8266_socket.c:356:13:stAT	16	static
esp8266_socket.c:377:13:stEchoOff	16	static
esp8266_socket.c:412:13:stStationModeCheck	24	static
esp8266_socket.c:445:13:stStationModeSet	16	static
esp8266_socket.c:467:13:connect_ssid	16	static
esp8266_socket.c:476:13:stConnectAP	24	static
esp8266_socket.c:512:13:stReady	16	static
esp8266_socket.c:536:13:connect_tcp	16	static
esp8266_socket.c:545:13:stConnectTCP	24	static
esp8266_socket.c:581:13:stPassthrough	24	static
esp8266_socket.c:609:13:stPassthroughOK	16	static
esp8266_socket.c:633:13:stConnected	16	static
esp8266_socket.c:656:13:stCommandMode	16	static
esp8266_socket.c:678:13:stCloseTCP	24	static
esp8266_socket.c:712:13:dispatch_event	16	static
esp8266_socket.c:727:13:EspSocketRun	32	static
