core_cm3.h:1405:22:void NVIC_SetPriority(IRQn_Type, uint32_t)	16	static
core_cm3.h:1532:26:uint32_t SysTick_Config(uint32_t)	16	static
clock_15xx.h:500:20:void Chip_Clock_SetSysTickClockDiv(uint32_t)	16	static
I2C.h:18:2:I2C_config::I2C_config()	16	static
atomic_base.h:99:3:constexpr std::memory_order std::operator&(std::memory_order, std::__memory_order_modifier)	16	static
temperature_i2c.cpp:36:6:void SysTick_Handler()	8	static
temperature_i2c.cpp:45:6:void Sleep(int)	16	static
temperature_i2c.cpp:54:5:int main()	88	static
atomic_base.h:284:7:std::__atomic_base<_IntTp>::operator std::__atomic_base<_IntTp>::__int_type() const volatile [with _ITp = int]	24	static
atomic_base.h:330:7:std::__atomic_base<_IntTp>::__int_type std::__atomic_base<_IntTp>::operator--() volatile [with _ITp = int]	16	static
atomic_base.h:295:7:std::__atomic_base<_IntTp>::__int_type std::__atomic_base<_IntTp>::operator=(std::__atomic_base<_IntTp>::__int_type) volatile [with _ITp = int]	32	static
temperature_i2c.cpp:106:1:void __static_initialization_and_destruction_0(int, int)	16	static
temperature_i2c.cpp:106:1:cpp)	8	static
