clock_15xx.h:77:20:Chip_Clock_SetMain_A_ClockSource	16	static
clock_15xx.h:86:43:Chip_Clock_GetMain_A_ClockSource	4	static
clock_15xx.h:112:20:Chip_Clock_SetMain_B_ClockSource	16	static
clock_15xx.h:121:43:Chip_Clock_GetMain_B_ClockSource	4	static
clock_15xx.h:224:44:Chip_Clock_GetADCASYNCSource	4	static
clock_15xx.h:509:24:Chip_Clock_GetSysTickClockDiv	4	static
clock_15xx.h:590:20:Chip_Clock_SetUARTFRGDivider	16	static
clock_15xx.h:599:24:Chip_Clock_GetUARTFRGDivider	4	static
clock_15xx.h:628:24:Chip_Clock_GetMainOscRate	4	static
clock_15xx.h:637:24:Chip_Clock_GetIntOscRate	4	static
clock_15xx.h:646:24:Chip_Clock_GetRTCOscRate	4	static
clock_15xx.h:656:24:Chip_Clock_GetWDTOSCRate	4	static
clock_15xx.c:44:17:Chip_Clock_GetPLLFreq	24	static
clock_15xx.c:52:17:Chip_Clock_GetPLLInClockRate	24	static
clock_15xx.c:77:10:Chip_Clock_GetSystemPLLInClockRate	8	static
clock_15xx.c:83:10:Chip_Clock_GetSystemPLLOutClockRate	16	static
clock_15xx.c:90:10:Chip_Clock_GetUSBPLLInClockRate	8	static
clock_15xx.c:96:10:Chip_Clock_GetUSBPLLOutClockRate	16	static
clock_15xx.c:103:10:Chip_Clock_GetSCTPLLInClockRate	8	static
clock_15xx.c:109:10:Chip_Clock_GetSCTPLLOutClockRate	16	static
clock_15xx.c:116:10:Chip_Clock_GetMain_A_ClockRate	16	static
clock_15xx.c:142:10:Chip_Clock_GetMain_B_ClockRate	16	static
clock_15xx.c:168:6:Chip_Clock_SetMainClockSource	24	static
clock_15xx.c:184:26:Chip_Clock_GetMainClockSource	16	static
clock_15xx.c:204:10:Chip_Clock_GetMainClockRate	16	static
clock_15xx.c:221:10:Chip_Clock_GetADCASYNCRate	16	static
clock_15xx.c:256:6:Chip_Clock_SetCLKOUTSource	24	static
clock_15xx.c:275:6:Chip_Clock_EnablePeriphClock	24	static
clock_15xx.c:288:6:Chip_Clock_DisablePeriphClock	24	static
clock_15xx.c:301:10:Chip_Clock_GetSysTickClockRate	16	static
clock_15xx.c:319:10:Chip_Clock_GetUARTBaseClockRate	32	static
clock_15xx.c:349:10:Chip_Clock_SetUARTBaseClockRate	40	static
clock_15xx.c:384:6:Chip_Clock_SetPLLBypass	24	static
clock_15xx.c:399:10:Chip_Clock_GetSystemClockRate	8	static
