sysctl_15xx.h:185:20:Chip_SYSCTL_PeriphReset	16	static
spi_15xx.h:409:20:Chip_SPI_Enable	16	static
spi_15xx.h:419:20:Chip_SPI_Disable	16	static
spi_15xx.h:452:24:Chip_SPI_GetStatus	16	static
spi_15xx.h:463:20:Chip_SPI_ClearStatus	16	static
spi_15xx.h:476:20:Chip_SPI_SetControlInfo	24	static
spi_15xx.h:515:20:Chip_SPI_SendMidFrame	16	static
spi_15xx.h:528:20:Chip_SPI_SendLastFrame_RxIgnore	24	static
spi_15xx.h:542:20:Chip_SPI_SendLastFrame	24	static
spi_15xx.h:553:24:Chip_SPI_ReceiveFrame	16	static
spi_15xx.c:46:13:SPI_Send_Data_RxIgnore	16	static
spi_15xx.c:59:13:SPI_Send_Data	16	static
spi_15xx.c:72:13:SPI_Send_Dummy	16	static
spi_15xx.c:83:13:SPI_Receive_Data	24	static
spi_15xx.c:95:10:Chip_SPI_CalClkRateDivider	24	static
spi_15xx.c:109:6:Chip_SPI_SetConfig	24	static
spi_15xx.c:137:6:Chip_SPI_Init	16	static
spi_15xx.c:150:6:Chip_SPI_DeInit	16	static
spi_15xx.c:158:6:Chip_SPI_DelayConfig	16	static
spi_15xx.c:169:6:Chip_SPI_Int_Cmd	24	static
spi_15xx.c:180:10:Chip_SPI_RWFrames_Blocking	24	static
spi_15xx.c:211:10:Chip_SPI_WriteFrames_Blocking	16	static
spi_15xx.c:239:10:Chip_SPI_ReadFrames_Blocking	16	static
spi_15xx.c:268:8:Chip_SPI_Int_RWFrames	24	static
