sysctl_15xx.h:185:20:Chip_SYSCTL_PeriphReset	16	static
clock_15xx.h:646:24:Chip_Clock_GetRTCOscRate	4	static
ring_buffer.h:133:19:RingBuffer_IsEmpty	16	static
uart_15xx.h:170:20:Chip_UART_SendByte	16	static
uart_15xx.h:183:24:Chip_UART_ReadByte	16	static
uart_15xx.h:197:20:Chip_UART_IntEnable	16	static
uart_15xx.h:210:20:Chip_UART_IntDisable	16	static
uart_15xx.h:268:24:Chip_UART_GetStatus	16	static
uart_15xx.c:47:28:getUARTClockID	16	static
uart_15xx.c:64:6:Chip_UART_Init	16	static
uart_15xx.c:85:6:Chip_UART_DeInit	16	static
uart_15xx.c:92:5:Chip_UART_Send	32	static
uart_15xx.c:109:5:Chip_UART_SendBlocking	40	static
uart_15xx.c:125:5:Chip_UART_Read	32	static
uart_15xx.c:142:5:Chip_UART_ReadBlocking	40	static
uart_15xx.c:158:6:Chip_UART_SetBaud	24	static
uart_15xx.c:166:6:Chip_UART_SetBaudWithRTC32K	16	static
uart_15xx.c:175:6:Chip_UART_RXIntHandlerRB	24	static
uart_15xx.c:185:6:Chip_UART_TXIntHandlerRB	24	static
uart_15xx.c:197:10:Chip_UART_SendRB	32	static
uart_15xx.c:219:5:Chip_UART_ReadRB	24	static
uart_15xx.c:227:6:Chip_UART_IRQRBHandler	24	static
