MQTTClient.c:23:13:NewMessageData	24	static
MQTTClient.c:29:12:getNextPacketId	16	static
MQTTClient.c:34:12:sendPacket	56	static
MQTTClient.c:68:6:MQTTClientInit	32	static
MQTTClient.c:94:12:decodePacket	56	static
MQTTClient.c:122:12:readPacket	64	static
MQTTClient.c:177:13:isTopicMatched	32	static
MQTTClient.c:205:5:deliverMessage	48	static
MQTTClient.c:238:5:keepalive	32	static
MQTTClient.c:265:6:MQTTCleanSession	24	static
MQTTClient.c:274:6:MQTTCloseSession	16	static
MQTTClient.c:283:5:cycle	104	static
MQTTClient.c:367:5:MQTTYield	32	static
MQTTClient.c:387:5:MQTTIsConnected	16	static
MQTTClient.c:392:6:MQTTRun	32	static
MQTTClient.c:422:5:waitfor	32	static
MQTTClient.c:440:5:MQTTConnectWithResults	128	static
MQTTClient.c:495:5:MQTTConnect	24	static
MQTTClient.c:502:5:MQTTSetMessageHandler	32	static
MQTTClient.c:544:5:MQTTSubscribeWithResults	88	static
MQTTClient.c:595:5:MQTTSubscribe	40	static
MQTTClient.c:603:5:MQTTUnsubscribe	64	static
MQTTClient.c:647:5:MQTTPublish	112	static
MQTTClient.c:709:5:MQTTDisconnect	32	static
