word.h:46:24:uint16_t lowWord(uint32_t)	16	static
word.h:58:24:uint16_t highWord(uint32_t)	16	static
word.h:66:24:uint16_t word(uint8_t)	16	static
word.h:71:24:uint16_t word(uint8_t, uint8_t)	16	static
word.h:76:23:uint8_t highByte(uint16_t)	16	static
word.h:81:24:uint16_t lowByte(uint16_t)	16	static
word.h:86:23:uint8_t bitRead(uint8_t, uint8_t)	16	static
word.h:91:20:void bitWrite(uint16_t&, uint8_t, uint8_t)	16	static
crc16.h:71:17:uint16_t crc16_update(uint16_t, uint8_t)	24	static
ModbusMaster.cpp:54:1:ModbusMaster::ModbusMaster()	16	static
ModbusMaster.cpp:70:1:ModbusMaster::ModbusMaster(uint8_t)	16	static
ModbusMaster.cpp:87:1:ModbusMaster::ModbusMaster(uint8_t, uint8_t)	16	static
ModbusMaster.cpp:102:6:void ModbusMaster::begin()	16	static
ModbusMaster.cpp:118:6:void ModbusMaster::begin(uint16_t)	24	static
ModbusMaster.cpp:160:6:void ModbusMaster::beginTransmission(uint16_t)	16	static
ModbusMaster.cpp:168:9:uint8_t ModbusMaster::requestFrom(uint16_t, uint16_t)	24	static
ModbusMaster.cpp:185:6:void ModbusMaster::sendBit(bool)	24	static
ModbusMaster.cpp:201:6:void ModbusMaster::send(uint16_t)	16	static
ModbusMaster.cpp:211:6:void ModbusMaster::send(uint32_t)	16	static
ModbusMaster.cpp:218:6:void ModbusMaster::send(uint8_t)	16	static
ModbusMaster.cpp:231:9:uint8_t ModbusMaster::available()	16	static
ModbusMaster.cpp:237:10:uint16_t ModbusMaster::receive()	16	static
ModbusMaster.cpp:266:6:void ModbusMaster::idle(void (*)())	16	static
ModbusMaster.cpp:280:10:uint16_t ModbusMaster::getResponseBuffer(uint8_t)	16	static
ModbusMaster.cpp:299:6:void ModbusMaster::clearResponseBuffer()	24	static
ModbusMaster.cpp:319:9:uint8_t ModbusMaster::setTransmitBuffer(uint8_t, uint16_t)	16	static
ModbusMaster.cpp:339:6:void ModbusMaster::clearTransmitBuffer()	24	static
ModbusMaster.cpp:373:9:uint8_t ModbusMaster::readCoils(uint16_t, uint16_t)	16	static
ModbusMaster.cpp:404:9:uint8_t ModbusMaster::readDiscreteInputs(uint16_t, uint16_t)	16	static
ModbusMaster.cpp:429:9:uint8_t ModbusMaster::readHoldingRegisters(uint16_t, uint16_t)	16	static
ModbusMaster.cpp:454:9:uint8_t ModbusMaster::readInputRegisters(uint16_t, uint8_t)	16	static
ModbusMaster.cpp:477:9:uint8_t ModbusMaster::writeSingleCoil(uint16_t, uint8_t)	16	static
ModbusMaster.cpp:497:9:uint8_t ModbusMaster::writeSingleRegister(uint16_t, uint16_t)	16	static
ModbusMaster.cpp:523:9:uint8_t ModbusMaster::writeMultipleCoils(uint16_t, uint16_t)	16	static
ModbusMaster.cpp:530:9:uint8_t ModbusMaster::writeMultipleCoils()	16	static
ModbusMaster.cpp:551:9:uint8_t ModbusMaster::writeMultipleRegisters(uint16_t, uint16_t)	16	static
ModbusMaster.cpp:560:9:uint8_t ModbusMaster::writeMultipleRegisters()	16	static
ModbusMaster.cpp:589:9:uint8_t ModbusMaster::maskWriteRegister(uint16_t, uint16_t, uint16_t)	24	static
ModbusMaster.cpp:619:9:uint8_t ModbusMaster::readWriteMultipleRegisters(uint16_t, uint16_t, uint16_t, uint16_t)	24	static
ModbusMaster.cpp:628:9:uint8_t ModbusMaster::readWriteMultipleRegisters(uint16_t, uint16_t)	16	static
ModbusMaster.cpp:652:9:uint8_t ModbusMaster::ModbusMasterTransaction(uint8_t)	296	static
