iocon_15xx.h:95:20:Chip_IOCON_PinMuxSet	24	static
swm_15xx.h:232:20:Chip_SWM_MovablePortPinAssign	16	static
gpio_15xx.h:95:20:Chip_GPIO_SetPinState	16	static
gpio_15xx.h:121:20:Chip_GPIO_GetPinState	16	static
gpio_15xx.h:146:20:Chip_GPIO_SetPinDIROutput	16	static
gpio_15xx.h:158:20:Chip_GPIO_SetPinDIRInput	16	static
gpio_15xx.h:445:20:Chip_GPIO_SetPinToggle	16	static
uart_15xx.h:127:20:Chip_UART_Enable	16	static
uart_15xx.h:147:20:Chip_UART_TXEnable	16	static
uart_15xx.h:252:20:Chip_UART_ConfigData	24	static
retarget.h:228:28:_write	32	static
retarget.h:262:28:_read	32	static
board.c:56:6:Board_UARTPutChar	16	static
board.c:64:5:Board_UARTGetChar	16	static
board.c:77:6:Board_UARTPutSTR	16	static
board.c:87:6:Board_Debug_Init	8	static
board.c:115:13:Board_LED_Init	16	static
board.c:127:6:Board_LED_Set	16	static
board.c:136:6:Board_LED_Test	24	static
board.c:148:6:Board_LED_Toggle	16	static
board.c:155:6:Board_Init	8	static
board.c:175:6:Board_Joystick_Init	16	static
board.c:187:9:Joystick_GetStatus	16	static
